install node for windows with the installer
C:\Users\ASUS>node -v
v22.14.0

C:\Users\ASUS>npm -v
10.9.2

C:\Users\ASUS>create-react-app --version
'create-react-app' is not recognized as an internal or external command,
operable program or batch file.

Now installl react globally using -g

C:\Users\ASUS>npm install -g create-react-app
npm warn deprecated inflight@1.0.6: This module is not supported, and leaks memory. Do not use it. Check out lru-cache if you want a good and tested way to coalesce async requests by a key value, which is much more comprehensive and powerful.
npm warn deprecated fstream-ignore@1.0.5: This package is no longer supported.
npm warn deprecated uid-number@0.0.6: This package is no longer supported.
npm warn deprecated rimraf@2.7.1: Rimraf versions prior to v4 are no longer supported
npm warn deprecated glob@7.2.3: Glob versions prior to v9 are no longer supported
npm warn deprecated fstream@1.0.12: This package is no longer supported.
npm warn deprecated tar@2.2.2: This version of tar is no longer supported, and will not receive security updates. Please upgrade asap.

added 64 packages in 28s

4 packages are looking for funding
  run `npm fund` for details

C:\Users\ASUS>create-react-app --version
create-react-app is deprecated.

You can find a list of up-to-date React frameworks on react.dev
For more info see:https://react.dev/link/cra

This error message will only be shown once per install.
5.1.0

C:\Users\ASUS>create-react-app --version
5.1.0

C:\>npx --version
10.9.2

In VS codes, there will be terminal where you can select cmd as terminal.
If you want to install angular then npm install angular@cli
